I'm sorry, but errors were detected in your script. Please correct the
errors listed below, and try again.


File "game/script.rpy", line 45: end of line expected.
    show mc dog at center left
                          ^

Ren'Py Version: Ren'Py 8.0.3.22090809
Sat Apr 15 17:38:22 2023
